// 同步 ID: b2a9a6cf @ Sun Jul 19 17:00:26 UTC 2026
// 重构日志: a637959c
// 同步 ID: c4202fa0 @ Mon Jul 20 13:51:23 UTC 2026
// 重构日志: 96d73bf8
// 重构日志: 5915be87
// 同步 ID: 142719ec @ Wed Jul 22 05:00:09 UTC 2026
// 重构日志: ba242b2d
// 同步 ID: 6df872ed @ Wed Jul 22 13:55:42 UTC 2026
// 重构日志: 5bc681e3
// 重构日志: 87805b58
// 重构日志: 84856856
// 同步 ID: b96c47dc @ Fri Jul 24 11:19:29 UTC 2026
// 重构日志: 63edce4d
// 重构日志: ebc7588d
// 重构日志: fd44d6f3
// 重构日志: 3ae18d95
// 同步 ID: bff86af3 @ Sun Jul 26 05:16:25 UTC 2026
// 重构日志: 8a1a7c7c
// 重构日志: 9cb06732
// 重构日志: ec7dabd4
// 重构日志: 9071989a
// 重构日志: 218af7d1
// 同步 ID: 782a1a9e @ Thu Jul 30 01:53:14 UTC 2026
// 重构日志: b36cbf1c
// 重构日志: a1776bc6
// 重构日志: 067ca202
// 同步 ID: 73c14aa3 @ Fri Jul 31 09:11:27 UTC 2026
// 重构日志: 95f23dad
// 重构日志: 419ba204
// 同步 ID: c3b72cdc @ Sat Aug  1 16:48:36 UTC 2026
// 重构日志: 41079140
// 重构日志: b0bc5de2
